[      70ms] [INFO] %cDownload the React DevTools for a better development experience: https://reactjs.org/link/react-devtools font-weight:bold @ https://unpkg.com/react-dom@18.3.1/umd/react-dom.development.js:29904
[     131ms] [WARNING] You are using the in-browser Babel transformer. Be sure to precompile your scripts for production - https://babeljs.io/docs/setup/ @ https://unpkg.com/@babel/standalone@7.29.0/babel.min.js:2
[     889ms] [ERROR] Failed to load resource: the server responded with a status of 404 (File not found) @ http://localhost:8765/favicon.ico:0
[     920ms] [ERROR] Warning: Encountered two children with the same key, `%s`. Keys should be unique so that components maintain their identity across updates. Non-unique keys may cause children to be duplicated and/or omitted — the behavior is unsupported and could change in a future version.%s edit.cool.03 
    at div
    at section
    at DesignArt
    at main
    at App (<anonymous>:19:19) @ https://unpkg.com/react-dom@18.3.1/umd/react-dom.development.js:72
[    1339ms] [ERROR] Failed to load resource: the server responded with a status of 404 (File not found) @ http://localhost:8765/uploads/video-surge.mp4:0
[    1339ms] [ERROR] Failed to load resource: the server responded with a status of 404 (File not found) @ http://localhost:8765/uploads/video-1.mp4:0
[    1340ms] [ERROR] Failed to load resource: the server responded with a status of 404 (File not found) @ http://localhost:8765/uploads/video-3.mp4:0
[    7405ms] [INFO] %cDownload the React DevTools for a better development experience: https://reactjs.org/link/react-devtools font-weight:bold @ https://unpkg.com/react-dom@18.3.1/umd/react-dom.development.js:29904
[    7441ms] [WARNING] You are using the in-browser Babel transformer. Be sure to precompile your scripts for production - https://babeljs.io/docs/setup/ @ https://unpkg.com/@babel/standalone@7.29.0/babel.min.js:2
[    8148ms] [ERROR] Warning: Encountered two children with the same key, `%s`. Keys should be unique so that components maintain their identity across updates. Non-unique keys may cause children to be duplicated and/or omitted — the behavior is unsupported and could change in a future version.%s edit.cool.03 
    at div
    at section
    at DesignArt
    at main
    at App (<anonymous>:19:19) @ https://unpkg.com/react-dom@18.3.1/umd/react-dom.development.js:72
[    8240ms] [ERROR] Failed to load resource: the server responded with a status of 404 (File not found) @ http://localhost:8765/uploads/video-surge.mp4:0
[    8241ms] [ERROR] Failed to load resource: the server responded with a status of 404 (File not found) @ http://localhost:8765/uploads/video-1.mp4:0
[    8241ms] [ERROR] Failed to load resource: the server responded with a status of 404 (File not found) @ http://localhost:8765/uploads/video-3.mp4:0
